---
source: crates/fjo/src/cmd/admin/runner.rs
expression: "String::from_utf8(buf).unwrap()"
---
Showing 3 runners

ID  NAME        STATUS   OWNERSHIP      LABELS                VERSION
1   builder     online   instance       docker,ubuntu-latest  6.0.1
2   repo-local  offline  repository 9   self-hosted
3   org-wide    online   user or org 4  arm64
