---
source: crates/fcli/src/cmd/quota/mod.rs
expression: "render_status(&testing::term(), \"git.example.org\", \"you\", &quota())"
---
Quota for you on git.example.org

used
  repositories (public)   500 MiB
  repositories (private)  0 B
  Git LFS                 100 MiB
  packages                200 MiB
  release attachments     4.0 KiB
  issue attachments       2.0 KiB
  Actions artifacts       1.0 MiB
  total                   801 MiB

  Quotas include Git data, LFS objects, packages, and release assets.
  Each rule applies to the storage categories listed under SUBJECT.

rules
  RULE    SUBJECT                LIMIT      USED     USAGE
  small   size:all               1.0 GiB    801 MiB  [########--]  78%
  no-lfs  size:git:lfs           0 B        100 MiB  unlimited
  exempt  size:assets:artifacts  unlimited  1.0 MiB  unlimited

groups  default
