---
source: crates/fcli/src/cmd/run.rs
expression: report
---
== human/tty
Showing 2 of 7 runs

STATUS   TITLE            WORKFLOW     REF     EVENT              ID  INDEX  AGE
waiting  add the emitter  ci.yml       main    push               9   2
failure  fix the table    release.yml  v1.2.0  workflow_dispatch  8   1
== human/piped
waiting	add the emitter	ci.yml	main	push	9	2	
failure	fix the table	release.yml	v1.2.0	workflow_dispatch	8	1	
== json/piped
[{"id":9,"status":"waiting","workflow_id":"ci.yml"},{"id":8,"status":"failure","workflow_id":"release.yml"}]
