---
source: crates/fjo/tests/setup.rs
expression: report
---
== fjo config list
browser		default
color	auto	default
credential_store	keyring	default
editor	hx	config
oauth_client_id		default
pager		default
prompt	enabled	default

== fjo alias list
prs	pr list

== fjo auth status --json host,login,authenticated,scopes
[{"host":"git.example.org","login":"perf3ct","authenticated":false,"scopes":["read:repository","write:issue"]}]
