---
source: crates/forgejo-core/src/error/render.rs
expression: "snap(ErrorKind::AmbiguousRemote\n{\n    candidates:\n    vec![RemoteCandidate\n    {\n        remote: \"fork\".into(), host: \"git.example.org\".into(), slug:\n        \"me/fjo\".into(),\n    }, RemoteCandidate\n    {\n        remote: \"mirror\".into(), host: \"codeberg.org\".into(), slug:\n        \"perf3ct/fjo\".into(),\n    },],\n}, RequestCtx::default())"
---
error: multiple Git remotes match; select a repository

  remotes: fork → git.example.org/me/fjo
           mirror → codeberg.org/perf3ct/fjo

what to do:
  choose which remote repository to use.
  1. fjo repo set-default  (save the choice in Git config)
  2. fjo <command> -R owner/name  (choose for one command)
