---
source: crates/forgejo-core/src/error/render.rs
expression: "snap(ErrorKind::Archived\n{ slug: \"perf3ct/fcli\".into(), host: \"git.example.org\".into() }, c)"
---
error: perf3ct/fcli is archived and read-only (HTTP 423)

  request:    POST /api/v1/repos/perf3ct/fcli/issues
  repository: perf3ct/fcli

what to do:
  archived repositories are read-only.
  1. unarchive it at https://git.example.org/perf3ct/fcli/settings
  2. then run the command again
  reads still work: fcli issue list -R perf3ct/fcli
