---
source: crates/fjo/src/cmd/quota/mod.rs
expression: summary(&info())
---
{
  "total_used": 1536,
  "rules": [
    {
      "rule": "small",
      "subject": "size:all",
      "limit": 1024,
      "used": 1536
    },
    {
      "rule": "small",
      "subject": "size:git:lfs",
      "limit": 1024,
      "used": 1024
    }
  ]
}
